id,name,status,score,department
1,Alice,active,85,Engineering
3,Charlie,active,78,Engineering
4,Diana,active,88,Marketing
7,Grace,active,91,Marketing