id,name,status,score,department
6,Frank,,67,Engineering
3,Charlie,active,78,Engineering
1,Alice,active,85,Engineering
4,Diana,active,88,Marketing
7,Grace,active,91,Marketing
2,Bob,inactive,92,Sales
5,Eve,inactive,95,Sales